// Jest Snapshot v1, https://goo.gl/fbAQLP

exports[`Home renders 1`] = `
<body>
  <div>
    <div
      class="h-screen flex flex-col items-center justify-evenly"
    >
      <div
        data-testid="dawTestId"
        stroke="black"
        width="50%"
      />
      <p
        class="text-xl text-black dark:text-white"
      >
        testText
      </p>
    </div>
  </div>
</body>
`;
