// Jest Snapshot v1, https://goo.gl/fbAQLP

exports[`Sidebar renders 1`] = `
<body>
  <div>
    <div
      class="absolute top-0 left-0 right-0 bg-1 text-center text-base"
    >
      <div
        class="bg-white absolute top-0 z-1 p-1 w-24px h-24px"
      >
        <div
          data-testid="hamburgerTestId"
          height="24"
          stroke-width="4"
          width="24"
        />
      </div>
      <div />
    </div>
  </div>
</body>
`;
