// Jest Snapshot v1, https://goo.gl/fbAQLP

exports[`Navigation renders correctly 1`] = `
<body>
  <div>
    <nav
      class="flex flex-col justify-evenly h-full"
    >
      <div
        to="/"
      >
        <div
          class="p-1 m-2 bg-3 rounded-md shadow-chocolate active:shadow-none"
        />
      </div>
      <div
        to="/cv"
      >
        <div
          class="p-1 m-2 bg-3 rounded-md shadow-chocolate active:shadow-none"
        />
      </div>
    </nav>
  </div>
</body>
`;
